
(orca:2176): Gdk-WARNING **: orca: Fatal IO error 11 (Resource temporarily unavailable) on X server localhost:0.0.

